Ace 3K: prompt after 86272 T (0.027 s at 3.25 MHz)
+--------------------------------+
|                                |
|                                |
|                                |
|                                |
|                                |
|                                |
|                                |
|                                |
|                                |
|                                |
|                                |
|                                |
|                                |
|                                |
|                                |
|                                |
|                                |
|                                |
|                                |
|                                |
|                                |
|                                |
|                                |
|??                              |
  ^                                inverse
+--------------------------------+
+--------------------------------+
|2 2 + . 4  OK                   |
|                                |
|                                |
|                                |
|                                |
|                                |
|                                |
|                                |
|                                |
|                                |
|                                |
|                                |
|                                |
|                                |
|                                |
|                                |
|                                |
|                                |
|                                |
|                                |
|                                |
|                                |
|                                |
|??                              |
  ^                                inverse
+--------------------------------+
Ace 19K: prompt after 88192 T (0.027 s at 3.25 MHz)
+--------------------------------+
|                                |
|                                |
|                                |
|                                |
|                                |
|                                |
|                                |
|                                |
|                                |
|                                |
|                                |
|                                |
|                                |
|                                |
|                                |
|                                |
|                                |
|                                |
|                                |
|                                |
|                                |
|                                |
|                                |
|??                              |
  ^                                inverse
+--------------------------------+
+--------------------------------+
|2 2 + . 4  OK                   |
|                                |
|                                |
|                                |
|                                |
|                                |
|                                |
|                                |
|                                |
|                                |
|                                |
|                                |
|                                |
|                                |
|                                |
|                                |
|                                |
|                                |
|                                |
|                                |
|                                |
|                                |
|                                |
|??                              |
  ^                                inverse
+--------------------------------+
Ace 51K: prompt after 92032 T (0.028 s at 3.25 MHz)
+--------------------------------+
|                                |
|                                |
|                                |
|                                |
|                                |
|                                |
|                                |
|                                |
|                                |
|                                |
|                                |
|                                |
|                                |
|                                |
|                                |
|                                |
|                                |
|                                |
|                                |
|                                |
|                                |
|                                |
|                                |
|??                              |
  ^                                inverse
+--------------------------------+
+--------------------------------+
|2 2 + . 4  OK                   |
|                                |
|                                |
|                                |
|                                |
|                                |
|                                |
|                                |
|                                |
|                                |
|                                |
|                                |
|                                |
|                                |
|                                |
|                                |
|                                |
|                                |
|                                |
|                                |
|                                |
|                                |
|                                |
|??                              |
  ^                                inverse
+--------------------------------+
ok
