traced 10 fields, keys ''
xace-trace: corrected 108 LD r,n and 2 RES/SET (HL) timings
our screen at the end:
  | ??
ours 59690 lines, ref 59690 lines; compared 59690
reset: AF 10 lines, BC 796 lines, DE 795 lines, HL 2 lines, IX 842 lines, IY 843 lines, SP 792 lines
xy: 1313 lines differ only in F's bits 3 and 5
no divergence

traced 166 fields, keys '2 2 + .\n'
xace-trace: corrected 472 LD r,n and 6 RES/SET (HL) timings
our screen at the end:
  | 2 2 + . 4  OK
  | ??
ours 915615 lines, ref 915615 lines; compared 915615
reset: AF 10 lines, BC 1114 lines, DE 806 lines, HL 7 lines, IX 842 lines, IY 843 lines, SP 792 lines
xy: 4118 lines differ only in F's bits 3 and 5
errata: after ADC HL,ss, 359 lines (F bits $02)
errata: after BIT b,r, 6 lines (F bits $80)
no divergence

traced 300 fields, keys 'VLIST\n'
xace-trace: corrected 706 LD r,n and 6 RES/SET (HL) timings
our screen at the end:
  | VLIST
  | FORTH UFLOAT INT FNEGATE F/ F* F
  | + F- LOAD BVERIFY VERIFY BLOAD B
  | SAVE SAVE LIST EDIT FORGET REDEF
  | INE EXIT ." ( [ +LOOP LOOP DO UN
  | TIL REPEAT BEGIN THEN ELSE WHILE
  |  IF ] LEAVE J I' I DEFINITIONS V
  | OCABULARY IMMEDIATE RUNS> DOES>
  | COMPILER CALL DEFINER ASCII LITE
  | RAL CONSTANT VARIABLE ALLOT C, ,
  |  CREATE : DECIMAL MIN MAX XOR AN
  | D OR 2- 1- 2+ 1+ D+ - + DNEGATE
  | NEGATE U/MOD */ * MOD / */MOD /M
  | OD U* D< U< < > = 0> 0< 0= ABS O
  | UT IN INKEY BEEP PLOT AT F. EMIT
  |  CR SPACES SPACE HOLD CLS # #S U
  | . . SIGN #> <# TYPE ROLL PICK OV
  | ER ROT ?DUP R> >R ! @ C! C@ SWAP
  |  DROP DUP SLOW FAST INVIS VIS CO
  | NVERT NUMBER EXECUTE FIND VLIST
  | WORD RETYPE QUERY LINE ; PAD BAS
  | E CURRENT CONTEXT HERE ABORT QUI
  | T  OK
  | ??
ours 3095305 lines, ref 1647489 lines; compared 295813
reset: AF 10 lines, BC 1196 lines, DE 806 lines, HL 7 lines, IX 842 lines, IY 843 lines, SP 792 lines
xy: 1952 lines differ only in F's bits 3 and 5
errata: after BIT b,r, 6 lines (F bits $80)
halt at line 295812: the ROM halted at $0679, where xAce does not; compared to here
